Html Webpack Plugin:
<pre>
  TypeError: this.compilationResult.stats.html.join is not a function
  
  - index.js:123 AppManifestWebpackPlugin.htmlProccessingFn
    /home/roman/Projects/app-manifest-webpack-plugin/index.js:123:43
  
  - index.js:115 compilation.hooks.htmlWebpackPluginAfterHtmlProcessing.tapAsync    /home/roman/Projects/app-manifest-webpack-plugin/index.js:115:36
  
  
  - new Promise
  
  
  - Hook.js:35 AsyncSeriesWaterfallHook.lazyCompileHook [as _promise]
    [app-manifest-webpack-plugin]/[tapable]/lib/Hook.js:35:21
  
  - index.js:673 
    [app-manifest-webpack-plugin]/[html-webpack-plugin]/index.js:673:47
  
  - index.js:196 Promise.resolve.then.then.then.then.then.then.then.then.result
    [app-manifest-webpack-plugin]/[html-webpack-plugin]/index.js:196:18
  
</pre>