{"html":["<link rel=\"manifest\" href=\"/static/assets/manifest.json\">","<meta name=\"mobile-web-app-capable\" content=\"yes\">","<meta name=\"theme-color\" content=\"#fff\">","<meta name=\"application-name\" content=\"Webpack App\">","<link rel=\"apple-touch-icon\" sizes=\"57x57\" href=\"/static/assets/apple-touch-icon-57x57.png\">","<link rel=\"apple-touch-icon\" sizes=\"60x60\" href=\"/static/assets/apple-touch-icon-60x60.png\">","<link rel=\"apple-touch-icon\" sizes=\"72x72\" href=\"/static/assets/apple-touch-icon-72x72.png\">","<link rel=\"apple-touch-icon\" sizes=\"76x76\" href=\"/static/assets/apple-touch-icon-76x76.png\">","<link rel=\"apple-touch-icon\" sizes=\"114x114\" href=\"/static/assets/apple-touch-icon-114x114.png\">","<link rel=\"apple-touch-icon\" sizes=\"120x120\" href=\"/static/assets/apple-touch-icon-120x120.png\">","<link rel=\"apple-touch-icon\" sizes=\"144x144\" href=\"/static/assets/apple-touch-icon-144x144.png\">","<link rel=\"apple-touch-icon\" sizes=\"152x152\" href=\"/static/assets/apple-touch-icon-152x152.png\">","<link rel=\"apple-touch-icon\" sizes=\"180x180\" href=\"/static/assets/apple-touch-icon-180x180.png\">","<meta name=\"apple-mobile-web-app-capable\" content=\"yes\">","<meta name=\"apple-mobile-web-app-status-bar-style\" content=\"black-translucent\">","<meta name=\"apple-mobile-web-app-title\" content=\"Webpack App\">","<link rel=\"icon\" type=\"image/png\" sizes=\"228x228\" href=\"/static/assets/coast-228x228.png\">","<meta name=\"msapplication-TileColor\" content=\"#fff\">","<meta name=\"msapplication-TileImage\" content=\"/static/assets/mstile-144x144.png\">","<meta name=\"msapplication-config\" content=\"/static/assets/browserconfig.xml\">","<link rel=\"apple-touch-startup-image\" media=\"(device-width: 320px) and (device-height: 480px) and (-webkit-device-pixel-ratio: 1)\" href=\"/static/assets/apple-touch-startup-image-320x460.png\">","<link rel=\"apple-touch-startup-image\" media=\"(device-width: 320px) and (device-height: 480px) and (-webkit-device-pixel-ratio: 2)\" href=\"/static/assets/apple-touch-startup-image-640x920.png\">","<link rel=\"apple-touch-startup-image\" media=\"(device-width: 320px) and (device-height: 568px) and (-webkit-device-pixel-ratio: 2)\" href=\"/static/assets/apple-touch-startup-image-640x1096.png\">","<link rel=\"apple-touch-startup-image\" media=\"(device-width: 375px) and (device-height: 667px) and (-webkit-device-pixel-ratio: 2)\" href=\"/static/assets/apple-touch-startup-image-750x1294.png\">","<link rel=\"apple-touch-startup-image\" media=\"(device-width: 414px) and (device-height: 736px) and (orientation: landscape) and (-webkit-device-pixel-ratio: 3)\" href=\"/static/assets/apple-touch-startup-image-1182x2208.png\">","<link rel=\"apple-touch-startup-image\" media=\"(device-width: 414px) and (device-height: 736px) and (orientation: portrait) and (-webkit-device-pixel-ratio: 3)\" href=\"/static/assets/apple-touch-startup-image-1242x2148.png\">","<link rel=\"apple-touch-startup-image\" media=\"(device-width: 768px) and (device-height: 1024px) and (orientation: landscape) and (-webkit-device-pixel-ratio: 1)\" href=\"/static/assets/apple-touch-startup-image-748x1024.png\">","<link rel=\"apple-touch-startup-image\" media=\"(device-width: 768px) and (device-height: 1024px) and (orientation: portrait) and (-webkit-device-pixel-ratio: 1)\" href=\"/static/assets/apple-touch-startup-image-768x1004.png\">","<link rel=\"apple-touch-startup-image\" media=\"(device-width: 768px) and (device-height: 1024px) and (orientation: landscape) and (-webkit-device-pixel-ratio: 2)\" href=\"/static/assets/apple-touch-startup-image-1496x2048.png\">","<link rel=\"apple-touch-startup-image\" media=\"(device-width: 768px) and (device-height: 1024px) and (orientation: portrait) and (-webkit-device-pixel-ratio: 2)\" href=\"/static/assets/apple-touch-startup-image-1536x2008.png\">","<link rel=\"yandex-tableau-widget\" href=\"/static/assets/yandex-browser-manifest.json\">","<link rel=\"icon\" type=\"image/png\" sizes=\"32x32\" href=\"/static/assets/favicon-32x32.png\">","<link rel=\"icon\" type=\"image/png\" sizes=\"16x16\" href=\"/static/assets/favicon-16x16.png\">","<link rel=\"shortcut icon\" href=\"/static/assets/favicon.ico\">"],"files":["/static/assets/android-chrome-36x36.png","/static/assets/android-chrome-48x48.png","/static/assets/android-chrome-96x96.png","/static/assets/android-chrome-72x72.png","/static/assets/android-chrome-144x144.png","/static/assets/android-chrome-192x192.png","/static/assets/android-chrome-256x256.png","/static/assets/android-chrome-384x384.png","/static/assets/android-chrome-512x512.png","/static/assets/apple-touch-icon-57x57.png","/static/assets/apple-touch-icon-60x60.png","/static/assets/apple-touch-icon-72x72.png","/static/assets/apple-touch-icon-114x114.png","/static/assets/apple-touch-icon-76x76.png","/static/assets/apple-touch-icon-120x120.png","/static/assets/apple-touch-icon-144x144.png","/static/assets/apple-touch-icon-152x152.png","/static/assets/apple-touch-icon-180x180.png","/static/assets/apple-touch-icon-167x167.png","/static/assets/apple-touch-icon.png","/static/assets/apple-touch-icon-precomposed.png","/static/assets/coast-228x228.png","/static/assets/mstile-70x70.png","/static/assets/mstile-144x144.png","/static/assets/mstile-150x150.png","/static/assets/mstile-310x150.png","/static/assets/mstile-310x310.png","/static/assets/apple-touch-startup-image-320x460.png","/static/assets/apple-touch-startup-image-640x920.png","/static/assets/apple-touch-startup-image-640x1096.png","/static/assets/apple-touch-startup-image-748x1024.png","/static/assets/apple-touch-startup-image-750x1294.png","/static/assets/apple-touch-startup-image-768x1004.png","/static/assets/apple-touch-startup-image-1242x2148.png","/static/assets/apple-touch-startup-image-1182x2208.png","/static/assets/apple-touch-startup-image-1496x2048.png","/static/assets/apple-touch-startup-image-1536x2008.png","/static/assets/yandex-browser-50x50.png","/static/assets/favicon-16x16.png","/static/assets/favicon-32x32.png","/static/assets/favicon.ico","/static/assets/firefox_app_60x60.png","/static/assets/firefox_app_128x128.png","/static/assets/firefox_app_512x512.png","/static/assets/manifest.json","/static/assets/browserconfig.xml","/static/assets/yandex-browser-manifest.json","/static/assets/manifest.webapp"]}